     +-------------------------------------------------------+ 
     |              Pin               |         Cell         | 
     |--------------------------------+----------------------| 
     |              alu_ctrl/g11460/Y | HB1xp67_ASAP7_75t_SL | 
     | alu_ctrl/cdn_loop_breaker557/A | HB1xp67_ASAP7_75t_SR | 
     |                                |                   AM | 
     | alu_ctrl/cdn_loop_breaker557/Y | HB1xp67_ASAP7_75t_SR | 
     |                                |                   AM | 
     |              alu_ctrl/g11460/A | HB1xp67_ASAP7_75t_SL | 
     |              alu_ctrl/g11460/Y | HB1xp67_ASAP7_75t_SL | 
     +-------------------------------------------------------+ 
     +-------------------------------------------------------+ 
     |              Pin               |         Cell         | 
     |--------------------------------+----------------------| 
     |              alu_ctrl/g11459/Y | HB1xp67_ASAP7_75t_SL | 
     | alu_ctrl/cdn_loop_breaker556/A | HB1xp67_ASAP7_75t_SR | 
     |                                |                   AM | 
     | alu_ctrl/cdn_loop_breaker556/Y | HB1xp67_ASAP7_75t_SR | 
     |                                |                   AM | 
     |              alu_ctrl/g11459/A | HB1xp67_ASAP7_75t_SL | 
     |              alu_ctrl/g11459/Y | HB1xp67_ASAP7_75t_SL | 
     +-------------------------------------------------------+ 
     +-------------------------------------------------------+ 
     |              Pin               |         Cell         | 
     |--------------------------------+----------------------| 
     |              alu_ctrl/g11458/Y | HB1xp67_ASAP7_75t_SL | 
     | alu_ctrl/cdn_loop_breaker555/A | HB1xp67_ASAP7_75t_SR | 
     |                                |                   AM | 
     | alu_ctrl/cdn_loop_breaker555/Y | HB1xp67_ASAP7_75t_SR | 
     |                                |                   AM | 
     |              alu_ctrl/g11458/A | HB1xp67_ASAP7_75t_SL | 
     |              alu_ctrl/g11458/Y | HB1xp67_ASAP7_75t_SL | 
     +-------------------------------------------------------+ 
     +-------------------------------------------------------+ 
     |              Pin               |         Cell         | 
     |--------------------------------+----------------------| 
     |              alu_ctrl/g11431/Y | HB1xp67_ASAP7_75t_SL | 
     | alu_ctrl/cdn_loop_breaker528/A | HB1xp67_ASAP7_75t_SR | 
     |                                |                   AM | 
     | alu_ctrl/cdn_loop_breaker528/Y | HB1xp67_ASAP7_75t_SR | 
     |                                |                   AM | 
     |              alu_ctrl/g11431/A | HB1xp67_ASAP7_75t_SL | 
     |              alu_ctrl/g11431/Y | HB1xp67_ASAP7_75t_SL | 
     +-------------------------------------------------------+ 
     +-------------------------------------------------------+ 
     |              Pin               |         Cell         | 
     |--------------------------------+----------------------| 
     |              alu_ctrl/g11432/Y | HB1xp67_ASAP7_75t_SL | 
     | alu_ctrl/cdn_loop_breaker529/A | HB1xp67_ASAP7_75t_SR | 
     |                                |                   AM | 
     | alu_ctrl/cdn_loop_breaker529/Y | HB1xp67_ASAP7_75t_SR | 
     |                                |                   AM | 
     |              alu_ctrl/g11432/A | HB1xp67_ASAP7_75t_SL | 
     |              alu_ctrl/g11432/Y | HB1xp67_ASAP7_75t_SL | 
     +-------------------------------------------------------+ 
     +-------------------------------------------------------+ 
     |              Pin               |         Cell         | 
     |--------------------------------+----------------------| 
     |              alu_ctrl/g11433/Y | HB1xp67_ASAP7_75t_SL | 
     | alu_ctrl/cdn_loop_breaker530/A | HB1xp67_ASAP7_75t_SR | 
     |                                |                   AM | 
     | alu_ctrl/cdn_loop_breaker530/Y | HB1xp67_ASAP7_75t_SR | 
     |                                |                   AM | 
     |              alu_ctrl/g11433/A | HB1xp67_ASAP7_75t_SL | 
     |              alu_ctrl/g11433/Y | HB1xp67_ASAP7_75t_SL | 
     +-------------------------------------------------------+ 
     +-------------------------------------------------------+ 
     |              Pin               |         Cell         | 
     |--------------------------------+----------------------| 
     |              alu_ctrl/g11434/Y | HB1xp67_ASAP7_75t_SL | 
     | alu_ctrl/cdn_loop_breaker531/A | HB1xp67_ASAP7_75t_SR | 
     |                                |                   AM | 
     | alu_ctrl/cdn_loop_breaker531/Y | HB1xp67_ASAP7_75t_SR | 
     |                                |                   AM | 
     |              alu_ctrl/g11434/A | HB1xp67_ASAP7_75t_SL | 
     |              alu_ctrl/g11434/Y | HB1xp67_ASAP7_75t_SL | 
     +-------------------------------------------------------+ 
     +-------------------------------------------------------+ 
     |              Pin               |         Cell         | 
     |--------------------------------+----------------------| 
     |              alu_ctrl/g11435/Y | HB1xp67_ASAP7_75t_SL | 
     | alu_ctrl/cdn_loop_breaker532/A | HB1xp67_ASAP7_75t_SR | 
     |                                |                   AM | 
     | alu_ctrl/cdn_loop_breaker532/Y | HB1xp67_ASAP7_75t_SR | 
     |                                |                   AM | 
     |              alu_ctrl/g11435/A | HB1xp67_ASAP7_75t_SL | 
     |              alu_ctrl/g11435/Y | HB1xp67_ASAP7_75t_SL | 
     +-------------------------------------------------------+ 
     +-------------------------------------------------------+ 
     |              Pin               |         Cell         | 
     |--------------------------------+----------------------| 
     |              alu_ctrl/g11436/Y | HB1xp67_ASAP7_75t_SL | 
     | alu_ctrl/cdn_loop_breaker533/A | HB1xp67_ASAP7_75t_SR | 
     |                                |                   AM | 
     | alu_ctrl/cdn_loop_breaker533/Y | HB1xp67_ASAP7_75t_SR | 
     |                                |                   AM | 
     |              alu_ctrl/g11436/A | HB1xp67_ASAP7_75t_SL | 
     |              alu_ctrl/g11436/Y | HB1xp67_ASAP7_75t_SL | 
     +-------------------------------------------------------+ 
     +-------------------------------------------------------+ 
     |              Pin               |         Cell         | 
     |--------------------------------+----------------------| 
     |              alu_ctrl/g11437/Y | HB1xp67_ASAP7_75t_SL | 
     | alu_ctrl/cdn_loop_breaker534/A | HB1xp67_ASAP7_75t_SR | 
     |                                |                   AM | 
     | alu_ctrl/cdn_loop_breaker534/Y | HB1xp67_ASAP7_75t_SR | 
     |                                |                   AM | 
     |              alu_ctrl/g11437/A | HB1xp67_ASAP7_75t_SL | 
     |              alu_ctrl/g11437/Y | HB1xp67_ASAP7_75t_SL | 
     +-------------------------------------------------------+ 
     +-------------------------------------------------------+ 
     |              Pin               |         Cell         | 
     |--------------------------------+----------------------| 
     |              alu_ctrl/g11438/Y | HB1xp67_ASAP7_75t_SL | 
     | alu_ctrl/cdn_loop_breaker535/A | HB1xp67_ASAP7_75t_SR | 
     |                                |                   AM | 
     | alu_ctrl/cdn_loop_breaker535/Y | HB1xp67_ASAP7_75t_SR | 
     |                                |                   AM | 
     |              alu_ctrl/g11438/A | HB1xp67_ASAP7_75t_SL | 
     |              alu_ctrl/g11438/Y | HB1xp67_ASAP7_75t_SL | 
     +-------------------------------------------------------+ 
     +-------------------------------------------------------+ 
     |              Pin               |         Cell         | 
     |--------------------------------+----------------------| 
     |              alu_ctrl/g11439/Y | HB1xp67_ASAP7_75t_SL | 
     | alu_ctrl/cdn_loop_breaker536/A | HB1xp67_ASAP7_75t_SR | 
     |                                |                   AM | 
     | alu_ctrl/cdn_loop_breaker536/Y | HB1xp67_ASAP7_75t_SR | 
     |                                |                   AM | 
     |              alu_ctrl/g11439/A | HB1xp67_ASAP7_75t_SL | 
     |              alu_ctrl/g11439/Y | HB1xp67_ASAP7_75t_SL | 
     +-------------------------------------------------------+ 
     +-------------------------------------------------------+ 
     |              Pin               |         Cell         | 
     |--------------------------------+----------------------| 
     |              alu_ctrl/g11440/Y | HB1xp67_ASAP7_75t_SL | 
     | alu_ctrl/cdn_loop_breaker537/A | HB1xp67_ASAP7_75t_SR | 
     |                                |                   AM | 
     | alu_ctrl/cdn_loop_breaker537/Y | HB1xp67_ASAP7_75t_SR | 
     |                                |                   AM | 
     |              alu_ctrl/g11440/A | HB1xp67_ASAP7_75t_SL | 
     |              alu_ctrl/g11440/Y | HB1xp67_ASAP7_75t_SL | 
     +-------------------------------------------------------+ 
     +-------------------------------------------------------+ 
     |              Pin               |         Cell         | 
     |--------------------------------+----------------------| 
     |              alu_ctrl/g11444/Y | HB1xp67_ASAP7_75t_SL | 
     | alu_ctrl/cdn_loop_breaker541/A | HB1xp67_ASAP7_75t_SR | 
     |                                |                   AM | 
     | alu_ctrl/cdn_loop_breaker541/Y | HB1xp67_ASAP7_75t_SR | 
     |                                |                   AM | 
     |              alu_ctrl/g11444/A | HB1xp67_ASAP7_75t_SL | 
     |              alu_ctrl/g11444/Y | HB1xp67_ASAP7_75t_SL | 
     +-------------------------------------------------------+ 
     +-------------------------------------------------------+ 
     |              Pin               |         Cell         | 
     |--------------------------------+----------------------| 
     |              alu_ctrl/g11443/Y | HB1xp67_ASAP7_75t_SL | 
     | alu_ctrl/cdn_loop_breaker540/A | HB1xp67_ASAP7_75t_SR | 
     |                                |                   AM | 
     | alu_ctrl/cdn_loop_breaker540/Y | HB1xp67_ASAP7_75t_SR | 
     |                                |                   AM | 
     |              alu_ctrl/g11443/A | HB1xp67_ASAP7_75t_SL | 
     |              alu_ctrl/g11443/Y | HB1xp67_ASAP7_75t_SL | 
     +-------------------------------------------------------+ 
     +-------------------------------------------------------+ 
     |              Pin               |         Cell         | 
     |--------------------------------+----------------------| 
     |              alu_ctrl/g11442/Y | HB1xp67_ASAP7_75t_SL | 
     | alu_ctrl/cdn_loop_breaker539/A | HB1xp67_ASAP7_75t_SR | 
     |                                |                   AM | 
     | alu_ctrl/cdn_loop_breaker539/Y | HB1xp67_ASAP7_75t_SR | 
     |                                |                   AM | 
     |              alu_ctrl/g11442/A | HB1xp67_ASAP7_75t_SL | 
     |              alu_ctrl/g11442/Y | HB1xp67_ASAP7_75t_SL | 
     +-------------------------------------------------------+ 
     +-------------------------------------------------------+ 
     |              Pin               |         Cell         | 
     |--------------------------------+----------------------| 
     |              alu_ctrl/g11441/Y | HB1xp67_ASAP7_75t_SL | 
     | alu_ctrl/cdn_loop_breaker538/A | HB1xp67_ASAP7_75t_SR | 
     |                                |                   AM | 
     | alu_ctrl/cdn_loop_breaker538/Y | HB1xp67_ASAP7_75t_SR | 
     |                                |                   AM | 
     |              alu_ctrl/g11441/A | HB1xp67_ASAP7_75t_SL | 
     |              alu_ctrl/g11441/Y | HB1xp67_ASAP7_75t_SL | 
     +-------------------------------------------------------+ 
     +-------------------------------------------------------+ 
     |              Pin               |         Cell         | 
     |--------------------------------+----------------------| 
     |              alu_ctrl/g11430/Y | HB1xp67_ASAP7_75t_SL | 
     | alu_ctrl/cdn_loop_breaker527/A | HB1xp67_ASAP7_75t_SR | 
     |                                |                   AM | 
     | alu_ctrl/cdn_loop_breaker527/Y | HB1xp67_ASAP7_75t_SR | 
     |                                |                   AM | 
     |              alu_ctrl/g11430/A | HB1xp67_ASAP7_75t_SL | 
     |              alu_ctrl/g11430/Y | HB1xp67_ASAP7_75t_SL | 
     +-------------------------------------------------------+ 
     +--------------------------------------------------------------------+ 
     |                     Pin                     |         Cell         | 
     |---------------------------------------------+----------------------| 
     | FE_MDBC1_sub_9_38_Y_add_10_30_g1361__2802/Y | HB1xp67_ASAP7_75t_SL | 
     |                 alu_ctrl/cdn_loop_breaker/A | HB1xp67_ASAP7_75t_SR | 
     |                                             |                   AM | 
     |                 alu_ctrl/cdn_loop_breaker/Y | HB1xp67_ASAP7_75t_SR | 
     |                                             |                   AM | 
     |                           alu_ctrl/g11429/A | BUFx12f_ASAP7_75t_SL | 
     |                           alu_ctrl/g11429/Y | BUFx12f_ASAP7_75t_SL | 
     | FE_MDBC1_sub_9_38_Y_add_10_30_g1361__2802/A | HB1xp67_ASAP7_75t_SL | 
     | FE_MDBC1_sub_9_38_Y_add_10_30_g1361__2802/Y | HB1xp67_ASAP7_75t_SL | 
     +--------------------------------------------------------------------+ 
     +-------------------------------------------------------+ 
     |              Pin               |         Cell         | 
     |--------------------------------+----------------------| 
     |              alu_ctrl/g11454/Y | HB1xp67_ASAP7_75t_SL | 
     | alu_ctrl/cdn_loop_breaker551/A | HB1xp67_ASAP7_75t_SR | 
     |                                |                   AM | 
     | alu_ctrl/cdn_loop_breaker551/Y | HB1xp67_ASAP7_75t_SR | 
     |                                |                   AM | 
     |              alu_ctrl/g11454/A | HB1xp67_ASAP7_75t_SL | 
     |              alu_ctrl/g11454/Y | HB1xp67_ASAP7_75t_SL | 
     +-------------------------------------------------------+ 
     +-------------------------------------------------------+ 
     |              Pin               |         Cell         | 
     |--------------------------------+----------------------| 
     |              alu_ctrl/g11455/Y | HB1xp67_ASAP7_75t_SL | 
     | alu_ctrl/cdn_loop_breaker552/A | HB1xp67_ASAP7_75t_SR | 
     |                                |                   AM | 
     | alu_ctrl/cdn_loop_breaker552/Y | HB1xp67_ASAP7_75t_SR | 
     |                                |                   AM | 
     |              alu_ctrl/g11455/A | HB1xp67_ASAP7_75t_SL | 
     |              alu_ctrl/g11455/Y | HB1xp67_ASAP7_75t_SL | 
     +-------------------------------------------------------+ 
     +-------------------------------------------------------+ 
     |              Pin               |         Cell         | 
     |--------------------------------+----------------------| 
     |              alu_ctrl/g11456/Y | HB1xp67_ASAP7_75t_SL | 
     | alu_ctrl/cdn_loop_breaker553/A | HB1xp67_ASAP7_75t_SR | 
     |                                |                   AM | 
     | alu_ctrl/cdn_loop_breaker553/Y | HB1xp67_ASAP7_75t_SR | 
     |                                |                   AM | 
     |              alu_ctrl/g11456/A | HB1xp67_ASAP7_75t_SL | 
     |              alu_ctrl/g11456/Y | HB1xp67_ASAP7_75t_SL | 
     +-------------------------------------------------------+ 
     +-------------------------------------------------------+ 
     |              Pin               |         Cell         | 
     |--------------------------------+----------------------| 
     |              alu_ctrl/g11457/Y | HB1xp67_ASAP7_75t_SL | 
     | alu_ctrl/cdn_loop_breaker554/A | HB1xp67_ASAP7_75t_SR | 
     |                                |                   AM | 
     | alu_ctrl/cdn_loop_breaker554/Y | HB1xp67_ASAP7_75t_SR | 
     |                                |                   AM | 
     |              alu_ctrl/g11457/A | HB1xp67_ASAP7_75t_SL | 
     |              alu_ctrl/g11457/Y | HB1xp67_ASAP7_75t_SL | 
     +-------------------------------------------------------+ 
     +-------------------------------------------------------+ 
     |              Pin               |         Cell         | 
     |--------------------------------+----------------------| 
     |              alu_ctrl/g11453/Y | HB1xp67_ASAP7_75t_SL | 
     | alu_ctrl/cdn_loop_breaker550/A | HB1xp67_ASAP7_75t_SR | 
     |                                |                   AM | 
     | alu_ctrl/cdn_loop_breaker550/Y | HB1xp67_ASAP7_75t_SR | 
     |                                |                   AM | 
     |              alu_ctrl/g11453/A | HB1xp67_ASAP7_75t_SL | 
     |              alu_ctrl/g11453/Y | HB1xp67_ASAP7_75t_SL | 
     +-------------------------------------------------------+ 
     +-------------------------------------------------------+ 
     |              Pin               |         Cell         | 
     |--------------------------------+----------------------| 
     |              alu_ctrl/g11448/Y | HB1xp67_ASAP7_75t_SL | 
     | alu_ctrl/cdn_loop_breaker545/A | HB1xp67_ASAP7_75t_SR | 
     |                                |                   AM | 
     | alu_ctrl/cdn_loop_breaker545/Y | HB1xp67_ASAP7_75t_SR | 
     |                                |                   AM | 
     |              alu_ctrl/g11448/A | HB1xp67_ASAP7_75t_SL | 
     |              alu_ctrl/g11448/Y | HB1xp67_ASAP7_75t_SL | 
     +-------------------------------------------------------+ 
     +-------------------------------------------------------+ 
     |              Pin               |         Cell         | 
     |--------------------------------+----------------------| 
     |              alu_ctrl/g11449/Y | HB1xp67_ASAP7_75t_SL | 
     | alu_ctrl/cdn_loop_breaker546/A | HB1xp67_ASAP7_75t_SR | 
     |                                |                   AM | 
     | alu_ctrl/cdn_loop_breaker546/Y | HB1xp67_ASAP7_75t_SR | 
     |                                |                   AM | 
     |              alu_ctrl/g11449/A | HB1xp67_ASAP7_75t_SL | 
     |              alu_ctrl/g11449/Y | HB1xp67_ASAP7_75t_SL | 
     +-------------------------------------------------------+ 
     +-------------------------------------------------------+ 
     |              Pin               |         Cell         | 
     |--------------------------------+----------------------| 
     |              alu_ctrl/g11450/Y | HB1xp67_ASAP7_75t_SL | 
     | alu_ctrl/cdn_loop_breaker547/A | HB1xp67_ASAP7_75t_SR | 
     |                                |                   AM | 
     | alu_ctrl/cdn_loop_breaker547/Y | HB1xp67_ASAP7_75t_SR | 
     |                                |                   AM | 
     |              alu_ctrl/g11450/A | HB1xp67_ASAP7_75t_SL | 
     |              alu_ctrl/g11450/Y | HB1xp67_ASAP7_75t_SL | 
     +-------------------------------------------------------+ 
     +-------------------------------------------------------+ 
     |              Pin               |         Cell         | 
     |--------------------------------+----------------------| 
     |              alu_ctrl/g11451/Y | HB1xp67_ASAP7_75t_SL | 
     | alu_ctrl/cdn_loop_breaker548/A | HB1xp67_ASAP7_75t_SR | 
     |                                |                   AM | 
     | alu_ctrl/cdn_loop_breaker548/Y | HB1xp67_ASAP7_75t_SR | 
     |                                |                   AM | 
     |              alu_ctrl/g11451/A | HB1xp67_ASAP7_75t_SL | 
     |              alu_ctrl/g11451/Y | HB1xp67_ASAP7_75t_SL | 
     +-------------------------------------------------------+ 
     +-------------------------------------------------------+ 
     |              Pin               |         Cell         | 
     |--------------------------------+----------------------| 
     |              alu_ctrl/g11452/Y | HB1xp67_ASAP7_75t_SL | 
     | alu_ctrl/cdn_loop_breaker549/A | HB1xp67_ASAP7_75t_SR | 
     |                                |                   AM | 
     | alu_ctrl/cdn_loop_breaker549/Y | HB1xp67_ASAP7_75t_SR | 
     |                                |                   AM | 
     |              alu_ctrl/g11452/A | HB1xp67_ASAP7_75t_SL | 
     |              alu_ctrl/g11452/Y | HB1xp67_ASAP7_75t_SL | 
     +-------------------------------------------------------+ 
     +-------------------------------------------------------+ 
     |              Pin               |         Cell         | 
     |--------------------------------+----------------------| 
     |              alu_ctrl/g11447/Y | HB1xp67_ASAP7_75t_SL | 
     | alu_ctrl/cdn_loop_breaker544/A | HB1xp67_ASAP7_75t_SR | 
     |                                |                   AM | 
     | alu_ctrl/cdn_loop_breaker544/Y | HB1xp67_ASAP7_75t_SR | 
     |                                |                   AM | 
     |              alu_ctrl/g11447/A | HB1xp67_ASAP7_75t_SL | 
     |              alu_ctrl/g11447/Y | HB1xp67_ASAP7_75t_SL | 
     +-------------------------------------------------------+ 
     +-------------------------------------------------------+ 
     |              Pin               |         Cell         | 
     |--------------------------------+----------------------| 
     |              alu_ctrl/g11446/Y | HB1xp67_ASAP7_75t_SL | 
     | alu_ctrl/cdn_loop_breaker543/A | HB1xp67_ASAP7_75t_SR | 
     |                                |                   AM | 
     | alu_ctrl/cdn_loop_breaker543/Y | HB1xp67_ASAP7_75t_SR | 
     |                                |                   AM | 
     |              alu_ctrl/g11446/A | HB1xp67_ASAP7_75t_SL | 
     |              alu_ctrl/g11446/Y | HB1xp67_ASAP7_75t_SL | 
     +-------------------------------------------------------+ 
     +--------------------------------------------------------------------+ 
     |                     Pin                     |         Cell         | 
     |---------------------------------------------+----------------------| 
     | FE_MDBC0_sub_9_38_Y_add_10_30_g1361__2398/Y | HB1xp67_ASAP7_75t_SL | 
     |              alu_ctrl/cdn_loop_breaker542/A | HB1xp67_ASAP7_75t_SR | 
     |                                             |                   AM | 
     |              alu_ctrl/cdn_loop_breaker542/Y | HB1xp67_ASAP7_75t_SR | 
     |                                             |                   AM | 
     |                           alu_ctrl/g11445/A | BUFx12f_ASAP7_75t_SL | 
     |                           alu_ctrl/g11445/Y | BUFx12f_ASAP7_75t_SL | 
     | FE_MDBC0_sub_9_38_Y_add_10_30_g1361__2398/A | HB1xp67_ASAP7_75t_SL | 
     | FE_MDBC0_sub_9_38_Y_add_10_30_g1361__2398/Y | HB1xp67_ASAP7_75t_SL | 
     +--------------------------------------------------------------------+ 
